Archive member included to satisfy reference by file (symbol)

c:/st/stm32cubeide_1.3.0/stm32cubeide/plugins/com.st.stm32cube.ide.mcu.externaltools.gnu-tools-for-stm32.7-2018-q2-update.win32_1.0.0.201904181610/tools/bin/../lib/gcc/arm-none-eabi/7.3.1/../../../../arm-none-eabi/lib/thumb/v7e-m/fpv4-sp/hard\libc_nano.a(lib_a-errno.o)
                              Core/Src/syscalls.o (__errno)
c:/st/stm32cubeide_1.3.0/stm32cubeide/plugins/com.st.stm32cube.ide.mcu.externaltools.gnu-tools-for-stm32.7-2018-q2-update.win32_1.0.0.201904181610/tools/bin/../lib/gcc/arm-none-eabi/7.3.1/../../../../arm-none-eabi/lib/thumb/v7e-m/fpv4-sp/hard\libc_nano.a(lib_a-exit.o)
                              c:/st/stm32cubeide_1.3.0/stm32cubeide/plugins/com.st.stm32cube.ide.mcu.externaltools.gnu-tools-for-stm32.7-2018-q2-update.win32_1.0.0.201904181610/tools/bin/../lib/gcc/arm-none-eabi/7.3.1/../../../../arm-none-eabi/lib/thumb/v7e-m/fpv4-sp/hard/crt0.o (exit)
c:/st/stm32cubeide_1.3.0/stm32cubeide/plugins/com.st.stm32cube.ide.mcu.externaltools.gnu-tools-for-stm32.7-2018-q2-update.win32_1.0.0.201904181610/tools/bin/../lib/gcc/arm-none-eabi/7.3.1/../../../../arm-none-eabi/lib/thumb/v7e-m/fpv4-sp/hard\libc_nano.a(lib_a-impure.o)
                              c:/st/stm32cubeide_1.3.0/stm32cubeide/plugins/com.st.stm32cube.ide.mcu.externaltools.gnu-tools-for-stm32.7-2018-q2-update.win32_1.0.0.201904181610/tools/bin/../lib/gcc/arm-none-eabi/7.3.1/../../../../arm-none-eabi/lib/thumb/v7e-m/fpv4-sp/hard\libc_nano.a(lib_a-exit.o) (_global_impure_ptr)
c:/st/stm32cubeide_1.3.0/stm32cubeide/plugins/com.st.stm32cube.ide.mcu.externaltools.gnu-tools-for-stm32.7-2018-q2-update.win32_1.0.0.201904181610/tools/bin/../lib/gcc/arm-none-eabi/7.3.1/../../../../arm-none-eabi/lib/thumb/v7e-m/fpv4-sp/hard\libc_nano.a(lib_a-init.o)
                              c:/st/stm32cubeide_1.3.0/stm32cubeide/plugins/com.st.stm32cube.ide.mcu.externaltools.gnu-tools-for-stm32.7-2018-q2-update.win32_1.0.0.201904181610/tools/bin/../lib/gcc/arm-none-eabi/7.3.1/../../../../arm-none-eabi/lib/thumb/v7e-m/fpv4-sp/hard/crt0.o (__libc_init_array)
c:/st/stm32cubeide_1.3.0/stm32cubeide/plugins/com.st.stm32cube.ide.mcu.externaltools.gnu-tools-for-stm32.7-2018-q2-update.win32_1.0.0.201904181610/tools/bin/../lib/gcc/arm-none-eabi/7.3.1/../../../../arm-none-eabi/lib/thumb/v7e-m/fpv4-sp/hard\libc_nano.a(lib_a-memset.o)
                              c:/st/stm32cubeide_1.3.0/stm32cubeide/plugins/com.st.stm32cube.ide.mcu.externaltools.gnu-tools-for-stm32.7-2018-q2-update.win32_1.0.0.201904181610/tools/bin/../lib/gcc/arm-none-eabi/7.3.1/../../../../arm-none-eabi/lib/thumb/v7e-m/fpv4-sp/hard/crt0.o (memset)
c:/st/stm32cubeide_1.3.0/stm32cubeide/plugins/com.st.stm32cube.ide.mcu.externaltools.gnu-tools-for-stm32.7-2018-q2-update.win32_1.0.0.201904181610/tools/bin/../lib/gcc/arm-none-eabi/7.3.1/thumb/v7e-m/fpv4-sp/hard\libgcc.a(_aeabi_uldivmod.o)
                              Drivers/STM32F4xx_HAL_Driver/Src/stm32f4xx_hal_rcc.o (__aeabi_uldivmod)
c:/st/stm32cubeide_1.3.0/stm32cubeide/plugins/com.st.stm32cube.ide.mcu.externaltools.gnu-tools-for-stm32.7-2018-q2-update.win32_1.0.0.201904181610/tools/bin/../lib/gcc/arm-none-eabi/7.3.1/thumb/v7e-m/fpv4-sp/hard\libgcc.a(_udivmoddi4.o)
                              c:/st/stm32cubeide_1.3.0/stm32cubeide/plugins/com.st.stm32cube.ide.mcu.externaltools.gnu-tools-for-stm32.7-2018-q2-update.win32_1.0.0.201904181610/tools/bin/../lib/gcc/arm-none-eabi/7.3.1/thumb/v7e-m/fpv4-sp/hard\libgcc.a(_aeabi_uldivmod.o) (__udivmoddi4)
c:/st/stm32cubeide_1.3.0/stm32cubeide/plugins/com.st.stm32cube.ide.mcu.externaltools.gnu-tools-for-stm32.7-2018-q2-update.win32_1.0.0.201904181610/tools/bin/../lib/gcc/arm-none-eabi/7.3.1/thumb/v7e-m/fpv4-sp/hard\libgcc.a(_dvmd_tls.o)
                              c:/st/stm32cubeide_1.3.0/stm32cubeide/plugins/com.st.stm32cube.ide.mcu.externaltools.gnu-tools-for-stm32.7-2018-q2-update.win32_1.0.0.201904181610/tools/bin/../lib/gcc/arm-none-eabi/7.3.1/thumb/v7e-m/fpv4-sp/hard\libgcc.a(_aeabi_uldivmod.o) (__aeabi_ldiv0)

Allocating common symbols
Common symbol       size              file

uwTick              0x4               Drivers/STM32F4xx_HAL_Driver/Src/stm32f4xx_hal.o
pFlash              0x20              Drivers/STM32F4xx_HAL_Driver/Src/stm32f4xx_hal_flash.o

Discarded input sections

 .text          0x0000000000000000        0x0 c:/st/stm32cubeide_1.3.0/stm32cubeide/plugins/com.st.stm32cube.ide.mcu.externaltools.gnu-tools-for-stm32.7-2018-q2-update.win32_1.0.0.201904181610/tools/bin/../lib/gcc/arm-none-eabi/7.3.1/thumb/v7e-m/fpv4-sp/hard/crti.o
 .data          0x0000000000000000        0x0 c:/st/stm32cubeide_1.3.0/stm32cubeide/plugins/com.st.stm32cube.ide.mcu.externaltools.gnu-tools-for-stm32.7-2018-q2-update.win32_1.0.0.201904181610/tools/bin/../lib/gcc/arm-none-eabi/7.3.1/thumb/v7e-m/fpv4-sp/hard/crti.o
[...]
Memory Configuration

Name             Origin             Length             Attributes
CCMRAM           0x0000000010000000 0x0000000000010000 xrw
RAM              0x0000000020000000 0x0000000000020000 xrw
FLASH            0x0000000008000000 0x0000000000100000 xr
*default*        0x0000000000000000 0xffffffffffffffff

Linker script and memory map

LOAD c:/st/stm32cubeide_1.3.0/stm32cubeide/plugins/com.st.stm32cube.ide.mcu.externaltools.gnu-tools-for-stm32.7-2018-q2-update.win32_1.0.0.201904181610/tools/bin/../lib/gcc/arm-none-eabi/7.3.1/thumb/v7e-m/fpv4-sp/hard/crti.o
LOAD c:/st/stm32cubeide_1.3.0/stm32cubeide/plugins/com.st.stm32cube.ide.mcu.externaltools.gnu-tools-for-stm32.7-2018-q2-update.win32_1.0.0.201904181610/tools/bin/../lib/gcc/arm-none-eabi/7.3.1/thumb/v7e-m/fpv4-sp/hard/crtbegin.o
LOAD c:/st/stm32cubeide_1.3.0/stm32cubeide/plugins/com.st.stm32cube.ide.mcu.externaltools.gnu-tools-for-stm32.7-2018-q2-update.win32_1.0.0.201904181610/tools/bin/../lib/gcc/arm-none-eabi/7.3.1/../../../../arm-none-eabi/lib/thumb/v7e-m/fpv4-sp/hard/crt0.o
LOAD Core/Hardware/stm32f4xx_it.o
LOAD Core/Src/Button.o
LOAD Core/Src/LED.o
LOAD Core/Src/Timer.o
LOAD Core/Src/UART.o
LOAD Core/Src/hooks.o
LOAD Core/Src/main.o
LOAD Core/Src/syscalls.o
LOAD Core/Src/sysmem.o
LOAD Core/Startup/startup_stm32f407vgtx.o
LOAD Drivers/CMSIS/Device/ST/STM32F4xx/Source/system_stm32f4xx.o
LOAD Drivers/STM32F4xx_HAL_Driver/Src/stm32f4xx_hal.o
LOAD Drivers/STM32F4xx_HAL_Driver/Src/stm32f4xx_hal_cortex.o
LOAD Drivers/STM32F4xx_HAL_Driver/Src/stm32f4xx_hal_dma.o
LOAD Drivers/STM32F4xx_HAL_Driver/Src/stm32f4xx_hal_dma_ex.o
LOAD Drivers/STM32F4xx_HAL_Driver/Src/stm32f4xx_hal_exti.o
LOAD Drivers/STM32F4xx_HAL_Driver/Src/stm32f4xx_hal_flash.o
LOAD Drivers/STM32F4xx_HAL_Driver/Src/stm32f4xx_hal_flash_ex.o
LOAD Drivers/STM32F4xx_HAL_Driver/Src/stm32f4xx_hal_flash_ramfunc.o
LOAD Drivers/STM32F4xx_HAL_Driver/Src/stm32f4xx_hal_gpio.o
LOAD Drivers/STM32F4xx_HAL_Driver/Src/stm32f4xx_hal_iwdg.o
LOAD Drivers/STM32F4xx_HAL_Driver/Src/stm32f4xx_hal_msp.o
LOAD Drivers/STM32F4xx_HAL_Driver/Src/stm32f4xx_hal_pwr.o
LOAD Drivers/STM32F4xx_HAL_Driver/Src/stm32f4xx_hal_pwr_ex.o
LOAD Drivers/STM32F4xx_HAL_Driver/Src/stm32f4xx_hal_rcc.o
LOAD Drivers/STM32F4xx_HAL_Driver/Src/stm32f4xx_hal_rcc_ex.o
LOAD Drivers/STM32F4xx_HAL_Driver/Src/stm32f4xx_hal_tim.o
LOAD Drivers/STM32F4xx_HAL_Driver/Src/stm32f4xx_hal_tim_ex.o
LOAD Drivers/STM32F4xx_HAL_Driver/Src/stm32f4xx_hal_uart.o
START GROUP
LOAD c:/st/stm32cubeide_1.3.0/stm32cubeide/plugins/com.st.stm32cube.ide.mcu.externaltools.gnu-tools-for-stm32.7-2018-q2-update.win32_1.0.0.201904181610/tools/bin/../lib/gcc/arm-none-eabi/7.3.1/../../../../arm-none-eabi/lib/thumb/v7e-m/fpv4-sp/hard\libstdc++_nano.a
LOAD c:/st/stm32cubeide_1.3.0/stm32cubeide/plugins/com.st.stm32cube.ide.mcu.externaltools.gnu-tools-for-stm32.7-2018-q2-update.win32_1.0.0.201904181610/tools/bin/../lib/gcc/arm-none-eabi/7.3.1/../../../../arm-none-eabi/lib/thumb/v7e-m/fpv4-sp/hard\libsupc++_nano.a
END GROUP
LOAD c:/st/stm32cubeide_1.3.0/stm32cubeide/plugins/com.st.stm32cube.ide.mcu.externaltools.gnu-tools-for-stm32.7-2018-q2-update.win32_1.0.0.201904181610/tools/bin/../lib/gcc/arm-none-eabi/7.3.1/../../../../arm-none-eabi/lib/thumb/v7e-m/fpv4-sp/hard\libstdc++_nano.a
LOAD c:/st/stm32cubeide_1.3.0/stm32cubeide/plugins/com.st.stm32cube.ide.mcu.externaltools.gnu-tools-for-stm32.7-2018-q2-update.win32_1.0.0.201904181610/tools/bin/../lib/gcc/arm-none-eabi/7.3.1/../../../../arm-none-eabi/lib/thumb/v7e-m/fpv4-sp/hard\libm.a
LOAD c:/st/stm32cubeide_1.3.0/stm32cubeide/plugins/com.st.stm32cube.ide.mcu.externaltools.gnu-tools-for-stm32.7-2018-q2-update.win32_1.0.0.201904181610/tools/bin/../lib/gcc/arm-none-eabi/7.3.1/../../../../arm-none-eabi/lib/thumb/v7e-m/fpv4-sp/hard\libc_nano.a
START GROUP
LOAD c:/st/stm32cubeide_1.3.0/stm32cubeide/plugins/com.st.stm32cube.ide.mcu.externaltools.gnu-tools-for-stm32.7-2018-q2-update.win32_1.0.0.201904181610/tools/bin/../lib/gcc/arm-none-eabi/7.3.1/thumb/v7e-m/fpv4-sp/hard\libgcc.a
LOAD c:/st/stm32cubeide_1.3.0/stm32cubeide/plugins/com.st.stm32cube.ide.mcu.externaltools.gnu-tools-for-stm32.7-2018-q2-update.win32_1.0.0.201904181610/tools/bin/../lib/gcc/arm-none-eabi/7.3.1/../../../../arm-none-eabi/lib/thumb/v7e-m/fpv4-sp/hard\libc_nano.a
END GROUP
START GROUP
LOAD c:/st/stm32cubeide_1.3.0/stm32cubeide/plugins/com.st.stm32cube.ide.mcu.externaltools.gnu-tools-for-stm32.7-2018-q2-update.win32_1.0.0.201904181610/tools/bin/../lib/gcc/arm-none-eabi/7.3.1/thumb/v7e-m/fpv4-sp/hard\libgcc.a
LOAD c:/st/stm32cubeide_1.3.0/stm32cubeide/plugins/com.st.stm32cube.ide.mcu.externaltools.gnu-tools-for-stm32.7-2018-q2-update.win32_1.0.0.201904181610/tools/bin/../lib/gcc/arm-none-eabi/7.3.1/../../../../arm-none-eabi/lib/thumb/v7e-m/fpv4-sp/hard\libc_nano.a
LOAD c:/st/stm32cubeide_1.3.0/stm32cubeide/plugins/com.st.stm32cube.ide.mcu.externaltools.gnu-tools-for-stm32.7-2018-q2-update.win32_1.0.0.201904181610/tools/bin/../lib/gcc/arm-none-eabi/7.3.1/../../../../arm-none-eabi/lib/thumb/v7e-m/fpv4-sp/hard\libnosys.a
END GROUP
START GROUP
LOAD c:/st/stm32cubeide_1.3.0/stm32cubeide/plugins/com.st.stm32cube.ide.mcu.externaltools.gnu-tools-for-stm32.7-2018-q2-update.win32_1.0.0.201904181610/tools/bin/../lib/gcc/arm-none-eabi/7.3.1/thumb/v7e-m/fpv4-sp/hard\libgcc.a
LOAD c:/st/stm32cubeide_1.3.0/stm32cubeide/plugins/com.st.stm32cube.ide.mcu.externaltools.gnu-tools-for-stm32.7-2018-q2-update.win32_1.0.0.201904181610/tools/bin/../lib/gcc/arm-none-eabi/7.3.1/../../../../arm-none-eabi/lib/thumb/v7e-m/fpv4-sp/hard\libc_nano.a
LOAD c:/st/stm32cubeide_1.3.0/stm32cubeide/plugins/com.st.stm32cube.ide.mcu.externaltools.gnu-tools-for-stm32.7-2018-q2-update.win32_1.0.0.201904181610/tools/bin/../lib/gcc/arm-none-eabi/7.3.1/../../../../arm-none-eabi/lib/thumb/v7e-m/fpv4-sp/hard\libnosys.a
END GROUP
LOAD c:/st/stm32cubeide_1.3.0/stm32cubeide/plugins/com.st.stm32cube.ide.mcu.externaltools.gnu-tools-for-stm32.7-2018-q2-update.win32_1.0.0.201904181610/tools/bin/../lib/gcc/arm-none-eabi/7.3.1/thumb/v7e-m/fpv4-sp/hard/crtend.o
LOAD c:/st/stm32cubeide_1.3.0/stm32cubeide/plugins/com.st.stm32cube.ide.mcu.externaltools.gnu-tools-for-stm32.7-2018-q2-update.win32_1.0.0.201904181610/tools/bin/../lib/gcc/arm-none-eabi/7.3.1/thumb/v7e-m/fpv4-sp/hard/crtn.o
                0x0000000020020000                _estack = (ORIGIN (RAM) + LENGTH (RAM))
                0x0000000000000200                _Min_Heap_Size = 0x200
                0x0000000000000400                _Min_Stack_Size = 0x400

.isr_vector     0x0000000008000000      0x188
                0x0000000008000000                . = ALIGN (0x4)
 *(.isr_vector)
 .isr_vector    0x0000000008000000      0x188 Core/Startup/startup_stm32f407vgtx.o
                0x0000000008000000                g_pfnVectors
                0x0000000008000188                . = ALIGN (0x4)

.text           0x0000000008000188     0x225c
                0x0000000008000188                . = ALIGN (0x4)
 *(.text)
 .text          0x0000000008000188       0x40 c:/st/stm32cubeide_1.3.0/stm32cubeide/plugins/com.st.stm32cube.ide.mcu.externaltools.gnu-tools-for-stm32.7-2018-q2-update.win32_1.0.0.201904181610/tools/bin/../lib/gcc/arm-none-eabi/7.3.1/thumb/v7e-m/fpv4-sp/hard/crtbegin.o
 .text          0x00000000080001c8       0x30 c:/st/stm32cubeide_1.3.0/stm32cubeide/plugins/com.st.stm32cube.ide.mcu.externaltools.gnu-tools-for-stm32.7-2018-q2-update.win32_1.0.0.201904181610/tools/bin/../lib/gcc/arm-none-eabi/7.3.1/thumb/v7e-m/fpv4-sp/hard\libgcc.a(_aeabi_uldivmod.o)
                0x00000000080001c8                __aeabi_uldivmod
 .text          0x00000000080001f8      0x2cc c:/st/stm32cubeide_1.3.0/stm32cubeide/plugins/com.st.stm32cube.ide.mcu.externaltools.gnu-tools-for-stm32.7-2018-q2-update.win32_1.0.0.201904181610/tools/bin/../lib/gcc/arm-none-eabi/7.3.1/thumb/v7e-m/fpv4-sp/hard\libgcc.a(_udivmoddi4.o)
                0x00000000080001f8                __udivmoddi4
 .text          0x00000000080004c4        0x4 c:/st/stm32cubeide_1.3.0/stm32cubeide/plugins/com.st.stm32cube.ide.mcu.externaltools.gnu-tools-for-stm32.7-2018-q2-update.win32_1.0.0.201904181610/tools/bin/../lib/gcc/arm-none-eabi/7.3.1/thumb/v7e-m/fpv4-sp/hard\libgcc.a(_dvmd_tls.o)
                0x00000000080004c4                __aeabi_idiv0
                0x00000000080004c4                __aeabi_ldiv0
 *(.text*)
 .text.NMI_Handler
                0x00000000080004c8        0xe Core/Hardware/stm32f4xx_it.o
                0x00000000080004c8                NMI_Handler
 .text.HardFault_Handler
                0x00000000080004d6        0x6 Core/Hardware/stm32f4xx_it.o
                0x00000000080004d6                HardFault_Handler
 .text.MemManage_Handler
                0x00000000080004dc        0x6 Core/Hardware/stm32f4xx_it.o
                0x00000000080004dc                MemManage_Handler
 .text.BusFault_Handler
                0x00000000080004e2        0x6 Core/Hardware/stm32f4xx_it.o
                0x00000000080004e2                BusFault_Handler
 .text.UsageFault_Handler
                0x00000000080004e8        0x6 Core/Hardware/stm32f4xx_it.o
                0x00000000080004e8                UsageFault_Handler
 .text.SVC_Handler
                0x00000000080004ee        0xe Core/Hardware/stm32f4xx_it.o
                0x00000000080004ee                SVC_Handler
 .text.DebugMon_Handler
                0x00000000080004fc        0xe Core/Hardware/stm32f4xx_it.o
                0x00000000080004fc                DebugMon_Handler
 .text.PendSV_Handler
                0x000000000800050a        0xe Core/Hardware/stm32f4xx_it.o
                0x000000000800050a                PendSV_Handler
 .text._ZN6ButtonC2ERNS_10PropertiesE
                0x0000000008000518       0x22 Core/Src/Button.o
                0x0000000008000518                Button::Button(Button::Properties&)
                0x0000000008000518                Button::Button(Button::Properties&)
 .text._ZN6ButtonD2Ev
                0x000000000800053a       0x16 Core/Src/Button.o
                0x000000000800053a                Button::~Button()
                0x000000000800053a                Button::~Button()
 .text._ZN6Button11setPriorityEhh
                0x0000000008000550       0x28 Core/Src/Button.o
                0x0000000008000550                Button::setPriority(unsigned char, unsigned char)
 .text._ZN6Button4initEv
                0x0000000008000578       0x78 Core/Src/Button.o
                0x0000000008000578                Button::init()
 .text._ZN6Button18setPressedListenerEPFvPvES0_
                0x00000000080005f0       0x24 Core/Src/Button.o
                0x00000000080005f0                Button::setPressedListener(void (*)(void*), void*)
 .text._ZN6Button23pressedInterruptHandlerEv
                0x0000000008000614       0x28 Core/Src/Button.o
                0x0000000008000614                Button::pressedInterruptHandler()
 .text._ZN3LEDC2Em
                0x000000000800063c       0x1e Core/Src/LED.o
                0x000000000800063c                LED::LED(unsigned long)
                0x000000000800063c                LED::LED(unsigned long)
 .text._ZN3LEDD2Ev
                0x000000000800065a       0x16 Core/Src/LED.o
                0x000000000800065a                LED::~LED()
                0x000000000800065a                LED::~LED()
 .text._ZN3LED4initEv
                0x0000000008000670       0x70 Core/Src/LED.o
                0x0000000008000670                LED::init()
 .text._ZN3LED2onEv
                0x00000000080006e0       0x24 Core/Src/LED.o
                0x00000000080006e0                LED::on()
 .text._ZN3LED3offEv
                0x0000000008000704       0x24 Core/Src/LED.o
                0x0000000008000704                LED::off()
 .text._ZN8PulseLED20tickInterruptHandlerEv
                0x0000000008000728       0x3c Core/Src/LED.o
                0x0000000008000728                PulseLED::tickInterruptHandler()
 .text._ZN8PulseLEDC2ER3LEDi
                0x0000000008000764       0x2e Core/Src/LED.o
                0x0000000008000764                PulseLED::PulseLED(LED&, int)
                0x0000000008000764                PulseLED::PulseLED(LED&, int)
 .text._ZN8PulseLEDD2Ev
                0x0000000008000792       0x16 Core/Src/LED.o
                0x0000000008000792                PulseLED::~PulseLED()
                0x0000000008000792                PulseLED::~PulseLED()
 .text._ZN8PulseLED4tickEv
                0x00000000080007a8       0x42 Core/Src/LED.o
                0x00000000080007a8                PulseLED::tick()
 .text._ZN5TimerC2Em
                0x00000000080007ea       0x1e Core/Src/Timer.o
                0x00000000080007ea                Timer::Timer(unsigned long)
                0x00000000080007ea                Timer::Timer(unsigned long)
 .text._ZN5TimerD2Ev
                0x0000000008000808       0x16 Core/Src/Timer.o
                0x0000000008000808                Timer::~Timer()
                0x0000000008000808                Timer::~Timer()
 .text._ZN4UARTC2Em
                0x000000000800081e       0x1e Core/Src/UART.o
                0x000000000800081e                UART::UART(unsigned long)
                0x000000000800081e                UART::UART(unsigned long)
 .text._ZN4UARTD2Ev
                0x000000000800083c       0x16 Core/Src/UART.o
                0x000000000800083c                UART::~UART()
                0x000000000800083c                UART::~UART()
 *fill*         0x0000000008000852        0x2 
 .text._ZN4UART4initEv
                0x0000000008000854       0xbc Core/Src/UART.o
                0x0000000008000854                UART::init()
 .text.SysTick_Handler
                0x0000000008000910       0x10 Core/Src/hooks.o
                0x0000000008000910                SysTick_Handler
 .text.EXTI0_IRQHandler
                0x0000000008000920       0x14 Core/Src/hooks.o
                0x0000000008000920                EXTI0_IRQHandler
 .text._Z10switchModev
                0x0000000008000934       0x40 Core/Src/main.o
                0x0000000008000934                switchMode()
 .text._Z15pressedListenerPv
                0x0000000008000974       0x20 Core/Src/main.o
                0x0000000008000974                pressedListener(void*)
 .text.main     0x0000000008000994       0x6c Core/Src/main.o
                0x0000000008000994                main
 .text._Z18SystemClock_Configv
                0x0000000008000a00       0xd0 Core/Src/main.o
                0x0000000008000a00                SystemClock_Config()
 .text._Z13Error_Handlerv
                0x0000000008000ad0        0x6 Core/Src/main.o
                0x0000000008000ad0                Error_Handler()
 *fill*         0x0000000008000ad6        0x2 
 .text._Z41__static_initialization_and_destruction_0ii
                0x0000000008000ad8      0x11c Core/Src/main.o
 .text._GLOBAL__sub_I_userButtonProps
                0x0000000008000bf4       0x10 Core/Src/main.o
 .text._GLOBAL__sub_D_userButtonProps
                0x0000000008000c04       0x10 Core/Src/main.o
 .text.Reset_Handler
                0x0000000008000c14       0x50 Core/Startup/startup_stm32f407vgtx.o
                0x0000000008000c14                Reset_Handler
 .text.Default_Handler
                0x0000000008000c64        0x2 Core/Startup/startup_stm32f407vgtx.o
                0x0000000008000c64                RTC_Alarm_IRQHandler
                0x0000000008000c64                HASH_RNG_IRQHandler
                0x0000000008000c64                EXTI2_IRQHandler
                0x0000000008000c64                TIM8_CC_IRQHandler
                0x0000000008000c64                TIM1_CC_IRQHandler
                0x0000000008000c64                DMA2_Stream5_IRQHandler
                0x0000000008000c64                DMA1_Stream5_IRQHandler
                0x0000000008000c64                PVD_IRQHandler
                0x0000000008000c64                SDIO_IRQHandler
                0x0000000008000c64                TAMP_STAMP_IRQHandler
                0x0000000008000c64                CAN2_RX1_IRQHandler
                0x0000000008000c64                EXTI3_IRQHandler
                0x0000000008000c64                TIM8_TRG_COM_TIM14_IRQHandler
                0x0000000008000c64                TIM1_UP_TIM10_IRQHandler
                0x0000000008000c64                TIM8_UP_TIM13_IRQHandler
                0x0000000008000c64                I2C3_ER_IRQHandler
                0x0000000008000c64                I2C2_EV_IRQHandler
                0x0000000008000c64                DMA1_Stream2_IRQHandler
                0x0000000008000c64                CAN1_RX0_IRQHandler
                0x0000000008000c64                FPU_IRQHandler
                0x0000000008000c64                OTG_HS_WKUP_IRQHandler
                0x0000000008000c64                CAN2_SCE_IRQHandler
                0x0000000008000c64                DMA2_Stream2_IRQHandler
                0x0000000008000c64                SPI1_IRQHandler
                0x0000000008000c64                TIM6_DAC_IRQHandler
                0x0000000008000c64                TIM1_BRK_TIM9_IRQHandler
                0x0000000008000c64                DCMI_IRQHandler
                0x0000000008000c64                CAN2_RX0_IRQHandler
                0x0000000008000c64                DMA2_Stream3_IRQHandler
                0x0000000008000c64                USART6_IRQHandler
                0x0000000008000c64                USART3_IRQHandler
                0x0000000008000c64                CAN1_RX1_IRQHandler
                0x0000000008000c64                UART5_IRQHandler
                0x0000000008000c64                DMA2_Stream0_IRQHandler
                0x0000000008000c64                TIM4_IRQHandler
                0x0000000008000c64                I2C1_EV_IRQHandler
                0x0000000008000c64                DMA1_Stream6_IRQHandler
                0x0000000008000c64                DMA1_Stream1_IRQHandler
                0x0000000008000c64                UART4_IRQHandler
                0x0000000008000c64                TIM3_IRQHandler
                0x0000000008000c64                RCC_IRQHandler
                0x0000000008000c64                TIM8_BRK_TIM12_IRQHandler
                0x0000000008000c64                Default_Handler
                0x0000000008000c64                EXTI15_10_IRQHandler
                0x0000000008000c64                ADC_IRQHandler
                0x0000000008000c64                DMA1_Stream7_IRQHandler
                0x0000000008000c64                TIM7_IRQHandler
                0x0000000008000c64                CAN2_TX_IRQHandler
                0x0000000008000c64                TIM5_IRQHandler
                0x0000000008000c64                DMA2_Stream7_IRQHandler
                0x0000000008000c64                I2C3_EV_IRQHandler
                0x0000000008000c64                EXTI9_5_IRQHandler
                0x0000000008000c64                RTC_WKUP_IRQHandler
                0x0000000008000c64                ETH_WKUP_IRQHandler
                0x0000000008000c64                SPI2_IRQHandler
                0x0000000008000c64                OTG_HS_EP1_IN_IRQHandler
                0x0000000008000c64                DMA1_Stream0_IRQHandler
                0x0000000008000c64                CAN1_TX_IRQHandler
                0x0000000008000c64                EXTI4_IRQHandler
                0x0000000008000c64                FSMC_IRQHandler
                0x0000000008000c64                ETH_IRQHandler
                0x0000000008000c64                OTG_HS_EP1_OUT_IRQHandler
                0x0000000008000c64                WWDG_IRQHandler
                0x0000000008000c64                TIM2_IRQHandler
                0x0000000008000c64                OTG_FS_WKUP_IRQHandler
                0x0000000008000c64                TIM1_TRG_COM_TIM11_IRQHandler
                0x0000000008000c64                OTG_HS_IRQHandler
                0x0000000008000c64                EXTI1_IRQHandler
                0x0000000008000c64                USART2_IRQHandler
                0x0000000008000c64                I2C2_ER_IRQHandler
                0x0000000008000c64                DMA2_Stream1_IRQHandler
                0x0000000008000c64                CAN1_SCE_IRQHandler
                0x0000000008000c64                FLASH_IRQHandler
                0x0000000008000c64                DMA2_Stream4_IRQHandler
                0x0000000008000c64                USART1_IRQHandler
                0x0000000008000c64                OTG_FS_IRQHandler
                0x0000000008000c64                SPI3_IRQHandler
                0x0000000008000c64                DMA1_Stream4_IRQHandler
                0x0000000008000c64                I2C1_ER_IRQHandler
                0x0000000008000c64                DMA2_Stream6_IRQHandler
                0x0000000008000c64                DMA1_Stream3_IRQHandler
 *fill*         0x0000000008000c66        0x2 
 .text.SystemInit
                0x0000000008000c68       0x2c Drivers/CMSIS/Device/ST/STM32F4xx/Source/system_stm32f4xx.o
                0x0000000008000c68                SystemInit
 .text.HAL_Init
                0x0000000008000c94       0x44 Drivers/STM32F4xx_HAL_Driver/Src/stm32f4xx_hal.o
                0x0000000008000c94                HAL_Init
 .text.HAL_InitTick
                0x0000000008000cd8       0x60 Drivers/STM32F4xx_HAL_Driver/Src/stm32f4xx_hal.o
                0x0000000008000cd8                HAL_InitTick
 .text.HAL_IncTick
                0x0000000008000d38       0x28 Drivers/STM32F4xx_HAL_Driver/Src/stm32f4xx_hal.o
                0x0000000008000d38                HAL_IncTick
 .text.HAL_GetTick
                0x0000000008000d60       0x18 Drivers/STM32F4xx_HAL_Driver/Src/stm32f4xx_hal.o
                0x0000000008000d60                HAL_GetTick
 .text.__NVIC_SetPriorityGrouping
                0x0000000008000d78       0x48 Drivers/STM32F4xx_HAL_Driver/Src/stm32f4xx_hal_cortex.o
 .text.__NVIC_GetPriorityGrouping
                0x0000000008000dc0       0x1c Drivers/STM32F4xx_HAL_Driver/Src/stm32f4xx_hal_cortex.o
 .text.__NVIC_EnableIRQ
                0x0000000008000ddc       0x3c Drivers/STM32F4xx_HAL_Driver/Src/stm32f4xx_hal_cortex.o
 .text.__NVIC_SetPriority
                0x0000000008000e18       0x54 Drivers/STM32F4xx_HAL_Driver/Src/stm32f4xx_hal_cortex.o
 .text.NVIC_EncodePriority
                0x0000000008000e6c       0x66 Drivers/STM32F4xx_HAL_Driver/Src/stm32f4xx_hal_cortex.o
 *fill*         0x0000000008000ed2        0x2 
 .text.SysTick_Config
                0x0000000008000ed4       0x44 Drivers/STM32F4xx_HAL_Driver/Src/stm32f4xx_hal_cortex.o
 .text.HAL_NVIC_SetPriorityGrouping
                0x0000000008000f18       0x16 Drivers/STM32F4xx_HAL_Driver/Src/stm32f4xx_hal_cortex.o
                0x0000000008000f18                HAL_NVIC_SetPriorityGrouping
 .text.HAL_NVIC_SetPriority
                0x0000000008000f2e       0x38 Drivers/STM32F4xx_HAL_Driver/Src/stm32f4xx_hal_cortex.o
                0x0000000008000f2e                HAL_NVIC_SetPriority
 .text.HAL_NVIC_EnableIRQ
                0x0000000008000f66       0x1c Drivers/STM32F4xx_HAL_Driver/Src/stm32f4xx_hal_cortex.o
                0x0000000008000f66                HAL_NVIC_EnableIRQ
 .text.HAL_SYSTICK_Config
                0x0000000008000f82       0x18 Drivers/STM32F4xx_HAL_Driver/Src/stm32f4xx_hal_cortex.o
                0x0000000008000f82                HAL_SYSTICK_Config
 *fill*         0x0000000008000f9a        0x2 
 .text.HAL_GPIO_Init
                0x0000000008000f9c      0x334 Drivers/STM32F4xx_HAL_Driver/Src/stm32f4xx_hal_gpio.o
                0x0000000008000f9c                HAL_GPIO_Init
 .text.HAL_GPIO_WritePin
                0x00000000080012d0       0x32 Drivers/STM32F4xx_HAL_Driver/Src/stm32f4xx_hal_gpio.o
                0x00000000080012d0                HAL_GPIO_WritePin
 *fill*         0x0000000008001302        0x2 
 .text.HAL_MspInit
                0x0000000008001304       0x50 Drivers/STM32F4xx_HAL_Driver/Src/stm32f4xx_hal_msp.o
                0x0000000008001304                HAL_MspInit
 .text.HAL_RCC_OscConfig
                0x0000000008001354      0x4e0 Drivers/STM32F4xx_HAL_Driver/Src/stm32f4xx_hal_rcc.o
                0x0000000008001354                HAL_RCC_OscConfig
 .text.HAL_RCC_ClockConfig
                0x0000000008001834      0x1cc Drivers/STM32F4xx_HAL_Driver/Src/stm32f4xx_hal_rcc.o
                0x0000000008001834                HAL_RCC_ClockConfig
 .text.HAL_RCC_GetSysClockFreq
                0x0000000008001a00      0x164 Drivers/STM32F4xx_HAL_Driver/Src/stm32f4xx_hal_rcc.o
                0x0000000008001a00                HAL_RCC_GetSysClockFreq
 .text.HAL_RCC_GetHCLKFreq
                0x0000000008001b64       0x18 Drivers/STM32F4xx_HAL_Driver/Src/stm32f4xx_hal_rcc.o
                0x0000000008001b64                HAL_RCC_GetHCLKFreq
 .text.HAL_RCC_GetPCLK1Freq
                0x0000000008001b7c       0x28 Drivers/STM32F4xx_HAL_Driver/Src/stm32f4xx_hal_rcc.o
                0x0000000008001b7c                HAL_RCC_GetPCLK1Freq
 .text.HAL_RCC_GetPCLK2Freq
                0x0000000008001ba4       0x28 Drivers/STM32F4xx_HAL_Driver/Src/stm32f4xx_hal_rcc.o
                0x0000000008001ba4                HAL_RCC_GetPCLK2Freq
 .text.HAL_UART_Init
                0x0000000008001bcc       0x9a Drivers/STM32F4xx_HAL_Driver/Src/stm32f4xx_hal_uart.o
                0x0000000008001bcc                HAL_UART_Init
 .text.HAL_UART_MspInit
                0x0000000008001c66       0x14 Drivers/STM32F4xx_HAL_Driver/Src/stm32f4xx_hal_uart.o
                0x0000000008001c66                HAL_UART_MspInit
 *fill*         0x0000000008001c7a        0x2 
 .text.UART_SetConfig
                0x0000000008001c7c      0x6f8 Drivers/STM32F4xx_HAL_Driver/Src/stm32f4xx_hal_uart.o
 .text.__libc_init_array
                0x0000000008002374       0x48 c:/st/stm32cubeide_1.3.0/stm32cubeide/plugins/com.st.stm32cube.ide.mcu.externaltools.gnu-tools-for-stm32.7-2018-q2-update.win32_1.0.0.201904181610/tools/bin/../lib/gcc/arm-none-eabi/7.3.1/../../../../arm-none-eabi/lib/thumb/v7e-m/fpv4-sp/hard\libc_nano.a(lib_a-init.o)
                0x0000000008002374                __libc_init_array
 .text.memset   0x00000000080023bc       0x10 c:/st/stm32cubeide_1.3.0/stm32cubeide/plugins/com.st.stm32cube.ide.mcu.externaltools.gnu-tools-for-stm32.7-2018-q2-update.win32_1.0.0.201904181610/tools/bin/../lib/gcc/arm-none-eabi/7.3.1/../../../../arm-none-eabi/lib/thumb/v7e-m/fpv4-sp/hard\libc_nano.a(lib_a-memset.o)
                0x00000000080023bc                memset
 *(.glue_7)
 .glue_7        0x00000000080023cc        0x0 linker stubs
 *(.glue_7t)
 .glue_7t       0x00000000080023cc        0x0 linker stubs
 *(.eh_frame)
 .eh_frame      0x00000000080023cc        0x0 c:/st/stm32cubeide_1.3.0/stm32cubeide/plugins/com.st.stm32cube.ide.mcu.externaltools.gnu-tools-for-stm32.7-2018-q2-update.win32_1.0.0.201904181610/tools/bin/../lib/gcc/arm-none-eabi/7.3.1/thumb/v7e-m/fpv4-sp/hard/crtbegin.o
 *(.init)
 .init          0x00000000080023cc        0x4 c:/st/stm32cubeide_1.3.0/stm32cubeide/plugins/com.st.stm32cube.ide.mcu.externaltools.gnu-tools-for-stm32.7-2018-q2-update.win32_1.0.0.201904181610/tools/bin/../lib/gcc/arm-none-eabi/7.3.1/thumb/v7e-m/fpv4-sp/hard/crti.o
                0x00000000080023cc                _init
 .init          0x00000000080023d0        0x8 c:/st/stm32cubeide_1.3.0/stm32cubeide/plugins/com.st.stm32cube.ide.mcu.externaltools.gnu-tools-for-stm32.7-2018-q2-update.win32_1.0.0.201904181610/tools/bin/../lib/gcc/arm-none-eabi/7.3.1/thumb/v7e-m/fpv4-sp/hard/crtn.o
 *(.fini)
 .fini          0x00000000080023d8        0x4 c:/st/stm32cubeide_1.3.0/stm32cubeide/plugins/com.st.stm32cube.ide.mcu.externaltools.gnu-tools-for-stm32.7-2018-q2-update.win32_1.0.0.201904181610/tools/bin/../lib/gcc/arm-none-eabi/7.3.1/thumb/v7e-m/fpv4-sp/hard/crti.o
                0x00000000080023d8                _fini
 .fini          0x00000000080023dc        0x8 c:/st/stm32cubeide_1.3.0/stm32cubeide/plugins/com.st.stm32cube.ide.mcu.externaltools.gnu-tools-for-stm32.7-2018-q2-update.win32_1.0.0.201904181610/tools/bin/../lib/gcc/arm-none-eabi/7.3.1/thumb/v7e-m/fpv4-sp/hard/crtn.o
                0x00000000080023e4                . = ALIGN (0x4)
                0x00000000080023e4                _etext = .

.vfp11_veneer   0x00000000080023e4        0x0
 .vfp11_veneer  0x00000000080023e4        0x0 linker stubs

.v4_bx          0x00000000080023e4        0x0
 .v4_bx         0x00000000080023e4        0x0 linker stubs

.iplt           0x00000000080023e4        0x0
 .iplt          0x00000000080023e4        0x0 c:/st/stm32cubeide_1.3.0/stm32cubeide/plugins/com.st.stm32cube.ide.mcu.externaltools.gnu-tools-for-stm32.7-2018-q2-update.win32_1.0.0.201904181610/tools/bin/../lib/gcc/arm-none-eabi/7.3.1/thumb/v7e-m/fpv4-sp/hard/crtbegin.o

.rodata         0x00000000080023e4       0x18
                0x00000000080023e4                . = ALIGN (0x4)
 *(.rodata)
 *(.rodata*)
 .rodata.AHBPrescTable
                0x00000000080023e4       0x10 Drivers/CMSIS/Device/ST/STM32F4xx/Source/system_stm32f4xx.o
                0x00000000080023e4                AHBPrescTable
 .rodata.APBPrescTable
                0x00000000080023f4        0x8 Drivers/CMSIS/Device/ST/STM32F4xx/Source/system_stm32f4xx.o
                0x00000000080023f4                APBPrescTable
                0x00000000080023fc                . = ALIGN (0x4)

.ARM.extab      0x00000000080023fc        0x0
                0x00000000080023fc                . = ALIGN (0x4)
 *(.ARM.extab* .gnu.linkonce.armextab.*)
                0x00000000080023fc                . = ALIGN (0x4)

.ARM            0x00000000080023fc        0x8
                0x00000000080023fc                . = ALIGN (0x4)
                0x00000000080023fc                __exidx_start = .
 *(.ARM.exidx*)
 .ARM.exidx     0x00000000080023fc        0x8 c:/st/stm32cubeide_1.3.0/stm32cubeide/plugins/com.st.stm32cube.ide.mcu.externaltools.gnu-tools-for-stm32.7-2018-q2-update.win32_1.0.0.201904181610/tools/bin/../lib/gcc/arm-none-eabi/7.3.1/thumb/v7e-m/fpv4-sp/hard\libgcc.a(_udivmoddi4.o)
                0x0000000008002404                __exidx_end = .
                0x0000000008002404                . = ALIGN (0x4)

.rel.dyn        0x0000000008002404        0x0
 .rel.iplt      0x0000000008002404        0x0 c:/st/stm32cubeide_1.3.0/stm32cubeide/plugins/com.st.stm32cube.ide.mcu.externaltools.gnu-tools-for-stm32.7-2018-q2-update.win32_1.0.0.201904181610/tools/bin/../lib/gcc/arm-none-eabi/7.3.1/thumb/v7e-m/fpv4-sp/hard/crtbegin.o

.preinit_array  0x0000000008002404        0x0
                0x0000000008002404                . = ALIGN (0x4)
                0x0000000008002404                PROVIDE (__preinit_array_start = .)
 *(.preinit_array*)
                0x0000000008002404                PROVIDE (__preinit_array_end = .)
                0x0000000008002404                . = ALIGN (0x4)

.init_array     0x0000000008002404        0x8
                0x0000000008002404                . = ALIGN (0x4)
                0x0000000008002404                PROVIDE (__init_array_start = .)
 *(SORT_BY_NAME(.init_array.*))
 *(.init_array*)
 .init_array    0x0000000008002404        0x4 c:/st/stm32cubeide_1.3.0/stm32cubeide/plugins/com.st.stm32cube.ide.mcu.externaltools.gnu-tools-for-stm32.7-2018-q2-update.win32_1.0.0.201904181610/tools/bin/../lib/gcc/arm-none-eabi/7.3.1/thumb/v7e-m/fpv4-sp/hard/crtbegin.o
 .init_array    0x0000000008002408        0x4 Core/Src/main.o
                0x000000000800240c                PROVIDE (__init_array_end = .)
                0x000000000800240c                . = ALIGN (0x4)

.fini_array     0x000000000800240c        0x8
                0x000000000800240c                . = ALIGN (0x4)
                [!provide]                        PROVIDE (__fini_array_start = .)
 *(SORT_BY_NAME(.fini_array.*))
 *(.fini_array*)
 .fini_array    0x000000000800240c        0x4 c:/st/stm32cubeide_1.3.0/stm32cubeide/plugins/com.st.stm32cube.ide.mcu.externaltools.gnu-tools-for-stm32.7-2018-q2-update.win32_1.0.0.201904181610/tools/bin/../lib/gcc/arm-none-eabi/7.3.1/thumb/v7e-m/fpv4-sp/hard/crtbegin.o
 .fini_array    0x0000000008002410        0x4 Core/Src/main.o
                [!provide]                        PROVIDE (__fini_array_end = .)
                0x0000000008002414                . = ALIGN (0x4)
                0x0000000008002414                _sidata = LOADADDR (.data)

.data           0x0000000020000000       0x18 load address 0x0000000008002414
                0x0000000020000000                . = ALIGN (0x4)
                0x0000000020000000                _sdata = .
 *(.data)
 *(.data*)
 .data.userButtonProps
                0x0000000020000000        0xc Core/Src/main.o
                0x0000000020000000                userButtonProps
 .data.SystemCoreClock
                0x000000002000000c        0x4 Drivers/CMSIS/Device/ST/STM32F4xx/Source/system_stm32f4xx.o
                0x000000002000000c                SystemCoreClock
 .data.uwTickPrio
                0x0000000020000010        0x4 Drivers/STM32F4xx_HAL_Driver/Src/stm32f4xx_hal.o
                0x0000000020000010                uwTickPrio
 .data.uwTickFreq
                0x0000000020000014        0x1 Drivers/STM32F4xx_HAL_Driver/Src/stm32f4xx_hal.o
                0x0000000020000014                uwTickFreq
                0x0000000020000018                . = ALIGN (0x4)
 *fill*         0x0000000020000015        0x3 
                0x0000000020000018                _edata = .

.igot.plt       0x0000000020000018        0x0 load address 0x000000000800242c
 .igot.plt      0x0000000020000018        0x0 c:/st/stm32cubeide_1.3.0/stm32cubeide/plugins/com.st.stm32cube.ide.mcu.externaltools.gnu-tools-for-stm32.7-2018-q2-update.win32_1.0.0.201904181610/tools/bin/../lib/gcc/arm-none-eabi/7.3.1/thumb/v7e-m/fpv4-sp/hard/crtbegin.o
                0x0000000020000018                . = ALIGN (0x4)

.bss            0x0000000020000018      0x208 load address 0x000000000800242c
                0x0000000020000018                _sbss = .
                0x0000000020000018                __bss_start__ = _sbss
 *(.bss)
 .bss           0x0000000020000018       0x1c c:/st/stm32cubeide_1.3.0/stm32cubeide/plugins/com.st.stm32cube.ide.mcu.externaltools.gnu-tools-for-stm32.7-2018-q2-update.win32_1.0.0.201904181610/tools/bin/../lib/gcc/arm-none-eabi/7.3.1/thumb/v7e-m/fpv4-sp/hard/crtbegin.o
 *(.bss*)
 .bss._ZN8PulseLED13tickListenersE
                0x0000000020000034       0x14 Core/Src/LED.o
                0x0000000020000034                PulseLED::tickListeners
 .bss._ZN8PulseLED16tickListenersNumE
                0x0000000020000048        0x4 Core/Src/LED.o
                0x0000000020000048                PulseLED::tickListenersNum
 .bss.infoButton
                0x000000002000004c       0x18 Core/Src/main.o
                0x000000002000004c                infoButton
 .bss.greenLed  0x0000000020000064        0x4 Core/Src/main.o
                0x0000000020000064                greenLed
 .bss.orangeLed
                0x0000000020000068        0x4 Core/Src/main.o
                0x0000000020000068                orangeLed
 .bss.redLed    0x000000002000006c        0x4 Core/Src/main.o
                0x000000002000006c                redLed
 .bss.blueLed   0x0000000020000070        0x4 Core/Src/main.o
                0x0000000020000070                blueLed
 .bss.bluePulseLed
                0x0000000020000074        0xc Core/Src/main.o
                0x0000000020000074                bluePulseLed
 .bss.TX        0x0000000020000080       0x44 Core/Src/main.o
                0x0000000020000080                TX
 .bss.RX        0x00000000200000c4       0x44 Core/Src/main.o
                0x00000000200000c4                RX
 .bss.firstTimer
                0x0000000020000108       0x44 Core/Src/main.o
                0x0000000020000108                firstTimer
 .bss.secondTimer
                0x000000002000014c       0x44 Core/Src/main.o
                0x000000002000014c                secondTimer
 .bss.thirdTimer
                0x0000000020000190       0x44 Core/Src/main.o
                0x0000000020000190                thirdTimer
 .bss.fourthTimer
                0x00000000200001d4       0x44 Core/Src/main.o
                0x00000000200001d4                fourthTimer
 .bss.mode      0x0000000020000218        0x1 Core/Src/main.o
                0x0000000020000218                mode
 *(COMMON)
 *fill*         0x0000000020000219        0x3 
 COMMON         0x000000002000021c        0x4 Drivers/STM32F4xx_HAL_Driver/Src/stm32f4xx_hal.o
                0x000000002000021c                uwTick
                0x0000000020000220                . = ALIGN (0x4)
                0x0000000020000220                _ebss = .
                0x0000000020000220                __bss_end__ = _ebss

._user_heap_stack
                0x0000000020000220      0x600 load address 0x000000000800242c
                0x0000000020000220                . = ALIGN (0x8)
                0x0000000020000220                PROVIDE (end = .)
                [!provide]                        PROVIDE (_end = .)
                0x0000000020000420                . = (. + _Min_Heap_Size)
 *fill*         0x0000000020000220      0x200 
                0x0000000020000820                . = (. + _Min_Stack_Size)
 *fill*         0x0000000020000420      0x400 
                0x0000000020000820                . = ALIGN (0x8)

/DISCARD/
 libc.a(*)
 libm.a(*)
 libgcc.a(*)

.ARM.attributes
                0x0000000000000000       0x30
 *(.ARM.attributes)
 .ARM.attributes
                0x0000000000000000       0x22 c:/st/stm32cubeide_1.3.0/stm32cubeide/plugins/com.st.stm32cube.ide.mcu.externaltools.gnu-tools-for-stm32.7-2018-q2-update.win32_1.0.0.201904181610/tools/bin/../lib/gcc/arm-none-eabi/7.3.1/thumb/v7e-m/fpv4-sp/hard/crti.o
 .ARM.attributes
                0x0000000000000022       0x34 c:/st/stm32cubeide_1.3.0/stm32cubeide/plugins/com.st.stm32cube.ide.mcu.externaltools.gnu-tools-for-stm32.7-2018-q2-update.win32_1.0.0.201904181610/tools/bin/../lib/gcc/arm-none-eabi/7.3.1/thumb/v7e-m/fpv4-sp/hard/crtbegin.o
 .ARM.attributes
                0x0000000000000056       0x39 Core/Hardware/stm32f4xx_it.o
 .ARM.attributes
                0x000000000000008f       0x39 Core/Src/Button.o
 .ARM.attributes
                0x00000000000000c8       0x39 Core/Src/LED.o
 .ARM.attributes
                0x0000000000000101       0x39 Core/Src/Timer.o
 .ARM.attributes
                0x000000000000013a       0x39 Core/Src/UART.o
 .ARM.attributes
                0x0000000000000173       0x39 Core/Src/hooks.o
 .ARM.attributes
                0x00000000000001ac       0x39 Core/Src/main.o
 .ARM.attributes
                0x00000000000001e5       0x21 Core/Startup/startup_stm32f407vgtx.o
 .ARM.attributes
                0x0000000000000206       0x39 Drivers/CMSIS/Device/ST/STM32F4xx/Source/system_stm32f4xx.o
 .ARM.attributes
                0x000000000000023f       0x39 Drivers/STM32F4xx_HAL_Driver/Src/stm32f4xx_hal.o
 .ARM.attributes
                0x0000000000000278       0x39 Drivers/STM32F4xx_HAL_Driver/Src/stm32f4xx_hal_cortex.o
 .ARM.attributes
                0x00000000000002b1       0x39 Drivers/STM32F4xx_HAL_Driver/Src/stm32f4xx_hal_gpio.o
 .ARM.attributes
                0x00000000000002ea       0x39 Drivers/STM32F4xx_HAL_Driver/Src/stm32f4xx_hal_msp.o
 .ARM.attributes
                0x0000000000000323       0x39 Drivers/STM32F4xx_HAL_Driver/Src/stm32f4xx_hal_rcc.o
 .ARM.attributes
                0x000000000000035c       0x39 Drivers/STM32F4xx_HAL_Driver/Src/stm32f4xx_hal_uart.o
 .ARM.attributes
                0x0000000000000395       0x34 c:/st/stm32cubeide_1.3.0/stm32cubeide/plugins/com.st.stm32cube.ide.mcu.externaltools.gnu-tools-for-stm32.7-2018-q2-update.win32_1.0.0.201904181610/tools/bin/../lib/gcc/arm-none-eabi/7.3.1/../../../../arm-none-eabi/lib/thumb/v7e-m/fpv4-sp/hard\libc_nano.a(lib_a-init.o)
 .ARM.attributes
                0x00000000000003c9       0x34 c:/st/stm32cubeide_1.3.0/stm32cubeide/plugins/com.st.stm32cube.ide.mcu.externaltools.gnu-tools-for-stm32.7-2018-q2-update.win32_1.0.0.201904181610/tools/bin/../lib/gcc/arm-none-eabi/7.3.1/../../../../arm-none-eabi/lib/thumb/v7e-m/fpv4-sp/hard\libc_nano.a(lib_a-memset.o)
 .ARM.attributes
                0x00000000000003fd       0x22 c:/st/stm32cubeide_1.3.0/stm32cubeide/plugins/com.st.stm32cube.ide.mcu.externaltools.gnu-tools-for-stm32.7-2018-q2-update.win32_1.0.0.201904181610/tools/bin/../lib/gcc/arm-none-eabi/7.3.1/thumb/v7e-m/fpv4-sp/hard\libgcc.a(_aeabi_uldivmod.o)
 .ARM.attributes
                0x000000000000041f       0x34 c:/st/stm32cubeide_1.3.0/stm32cubeide/plugins/com.st.stm32cube.ide.mcu.externaltools.gnu-tools-for-stm32.7-2018-q2-update.win32_1.0.0.201904181610/tools/bin/../lib/gcc/arm-none-eabi/7.3.1/thumb/v7e-m/fpv4-sp/hard\libgcc.a(_udivmoddi4.o)
 .ARM.attributes
                0x0000000000000453       0x22 c:/st/stm32cubeide_1.3.0/stm32cubeide/plugins/com.st.stm32cube.ide.mcu.externaltools.gnu-tools-for-stm32.7-2018-q2-update.win32_1.0.0.201904181610/tools/bin/../lib/gcc/arm-none-eabi/7.3.1/thumb/v7e-m/fpv4-sp/hard\libgcc.a(_dvmd_tls.o)
 .ARM.attributes
                0x0000000000000475       0x22 c:/st/stm32cubeide_1.3.0/stm32cubeide/plugins/com.st.stm32cube.ide.mcu.externaltools.gnu-tools-for-stm32.7-2018-q2-update.win32_1.0.0.201904181610/tools/bin/../lib/gcc/arm-none-eabi/7.3.1/thumb/v7e-m/fpv4-sp/hard/crtn.o
OUTPUT(Assignments.elf elf32-littlearm)

.debug_info     0x0000000000000000     0xa5ec
 .debug_info    0x0000000000000000      0x673 Core/Hardware/stm32f4xx_it.o
 .debug_info    0x0000000000000673      0xa20 Core/Src/Button.o
 .debug_info    0x0000000000001093      0x8f9 Core/Src/LED.o
 .debug_info    0x000000000000198c      0xd66 Core/Src/Timer.o
 .debug_info    0x00000000000026f2      0xe12 Core/Src/UART.o
 .debug_info    0x0000000000003504      0x60d Core/Src/hooks.o
 .debug_info    0x0000000000003b11     0x2313 Core/Src/main.o
 .debug_info    0x0000000000005e24       0x22 Core/Startup/startup_stm32f407vgtx.o
 .debug_info    0x0000000000005e46      0x554 Drivers/CMSIS/Device/ST/STM32F4xx/Source/system_stm32f4xx.o
 .debug_info    0x000000000000639a      0x945 Drivers/STM32F4xx_HAL_Driver/Src/stm32f4xx_hal.o
 .debug_info    0x0000000000006cdf      0xe28 Drivers/STM32F4xx_HAL_Driver/Src/stm32f4xx_hal_cortex.o
 .debug_info    0x0000000000007b07      0x7b5 Drivers/STM32F4xx_HAL_Driver/Src/stm32f4xx_hal_gpio.o
 .debug_info    0x00000000000082bc      0x7e0 Drivers/STM32F4xx_HAL_Driver/Src/stm32f4xx_hal_msp.o
 .debug_info    0x0000000000008a9c      0x904 Drivers/STM32F4xx_HAL_Driver/Src/stm32f4xx_hal_rcc.o
 .debug_info    0x00000000000093a0     0x124c Drivers/STM32F4xx_HAL_Driver/Src/stm32f4xx_hal_uart.o

.debug_abbrev   0x0000000000000000     0x208c
 .debug_abbrev  0x0000000000000000      0x1ba Core/Hardware/stm32f4xx_it.o
 .debug_abbrev  0x00000000000001ba      0x28a Core/Src/Button.o
 .debug_abbrev  0x0000000000000444      0x313 Core/Src/LED.o
 .debug_abbrev  0x0000000000000757      0x27f Core/Src/Timer.o
 .debug_abbrev  0x00000000000009d6      0x261 Core/Src/UART.o
 .debug_abbrev  0x0000000000000c37      0x1ba Core/Src/hooks.o
 .debug_abbrev  0x0000000000000df1      0x470 Core/Src/main.o
 .debug_abbrev  0x0000000000001261       0x12 Core/Startup/startup_stm32f407vgtx.o
 .debug_abbrev  0x0000000000001273      0x12b Drivers/CMSIS/Device/ST/STM32F4xx/Source/system_stm32f4xx.o
 .debug_abbrev  0x000000000000139e      0x1c7 Drivers/STM32F4xx_HAL_Driver/Src/stm32f4xx_hal.o
 .debug_abbrev  0x0000000000001565      0x2fa Drivers/STM32F4xx_HAL_Driver/Src/stm32f4xx_hal_cortex.o
 .debug_abbrev  0x000000000000185f      0x1c9 Drivers/STM32F4xx_HAL_Driver/Src/stm32f4xx_hal_gpio.o
 .debug_abbrev  0x0000000000001a28      0x1dd Drivers/STM32F4xx_HAL_Driver/Src/stm32f4xx_hal_msp.o
 .debug_abbrev  0x0000000000001c05      0x245 Drivers/STM32F4xx_HAL_Driver/Src/stm32f4xx_hal_rcc.o
 .debug_abbrev  0x0000000000001e4a      0x242 Drivers/STM32F4xx_HAL_Driver/Src/stm32f4xx_hal_uart.o

.debug_aranges  0x0000000000000000      0x788
 .debug_aranges
                0x0000000000000000       0x58 Core/Hardware/stm32f4xx_it.o
 .debug_aranges
                0x0000000000000058       0x50 Core/Src/Button.o
 .debug_aranges
                0x00000000000000a8       0x70 Core/Src/LED.o
 .debug_aranges
                0x0000000000000118       0x50 Core/Src/Timer.o
 .debug_aranges
                0x0000000000000168       0x50 Core/Src/UART.o
 .debug_aranges
                0x00000000000001b8       0x28 Core/Src/hooks.o
 .debug_aranges
                0x00000000000001e0       0x80 Core/Src/main.o
 .debug_aranges
                0x0000000000000260       0x28 Core/Startup/startup_stm32f407vgtx.o
 .debug_aranges
                0x0000000000000288       0x28 Drivers/CMSIS/Device/ST/STM32F4xx/Source/system_stm32f4xx.o
 .debug_aranges
                0x00000000000002b0       0xf0 Drivers/STM32F4xx_HAL_Driver/Src/stm32f4xx_hal.o
 .debug_aranges
                0x00000000000003a0      0x118 Drivers/STM32F4xx_HAL_Driver/Src/stm32f4xx_hal_cortex.o
 .debug_aranges
                0x00000000000004b8       0x58 Drivers/STM32F4xx_HAL_Driver/Src/stm32f4xx_hal_gpio.o
 .debug_aranges
                0x0000000000000510       0x20 Drivers/STM32F4xx_HAL_Driver/Src/stm32f4xx_hal_msp.o
 .debug_aranges
                0x0000000000000530       0x88 Drivers/STM32F4xx_HAL_Driver/Src/stm32f4xx_hal_rcc.o
 .debug_aranges
                0x00000000000005b8      0x1d0 Drivers/STM32F4xx_HAL_Driver/Src/stm32f4xx_hal_uart.o

.debug_ranges   0x0000000000000000      0x6a0
 .debug_ranges  0x0000000000000000       0x48 Core/Hardware/stm32f4xx_it.o
 .debug_ranges  0x0000000000000048       0x40 Core/Src/Button.o
 .debug_ranges  0x0000000000000088       0x60 Core/Src/LED.o
 .debug_ranges  0x00000000000000e8       0x40 Core/Src/Timer.o
 .debug_ranges  0x0000000000000128       0x40 Core/Src/UART.o
 .debug_ranges  0x0000000000000168       0x18 Core/Src/hooks.o
 .debug_ranges  0x0000000000000180       0x70 Core/Src/main.o
 .debug_ranges  0x00000000000001f0       0x20 Core/Startup/startup_stm32f407vgtx.o
 .debug_ranges  0x0000000000000210       0x18 Drivers/CMSIS/Device/ST/STM32F4xx/Source/system_stm32f4xx.o
 .debug_ranges  0x0000000000000228       0xe0 Drivers/STM32F4xx_HAL_Driver/Src/stm32f4xx_hal.o
 .debug_ranges  0x0000000000000308      0x108 Drivers/STM32F4xx_HAL_Driver/Src/stm32f4xx_hal_cortex.o
 .debug_ranges  0x0000000000000410       0x48 Drivers/STM32F4xx_HAL_Driver/Src/stm32f4xx_hal_gpio.o
 .debug_ranges  0x0000000000000458       0x10 Drivers/STM32F4xx_HAL_Driver/Src/stm32f4xx_hal_msp.o
 .debug_ranges  0x0000000000000468       0x78 Drivers/STM32F4xx_HAL_Driver/Src/stm32f4xx_hal_rcc.o
 .debug_ranges  0x00000000000004e0      0x1c0 Drivers/STM32F4xx_HAL_Driver/Src/stm32f4xx_hal_uart.o

.debug_macro    0x0000000000000000    0x2267c
 .debug_macro   0x0000000000000000      0x1dc Core/Hardware/stm32f4xx_it.o
 .debug_macro   0x00000000000001dc      0xb2c Core/Hardware/stm32f4xx_it.o
 .debug_macro   0x0000000000000d08       0x10 Core/Hardware/stm32f4xx_it.o
 .debug_macro   0x0000000000000d18      0x184 Core/Hardware/stm32f4xx_it.o
 .debug_macro   0x0000000000000e9c       0x2e Core/Hardware/stm32f4xx_it.o
 .debug_macro   0x0000000000000eca       0x2f Core/Hardware/stm32f4xx_it.o
 .debug_macro   0x0000000000000ef9       0x1c Core/Hardware/stm32f4xx_it.o
 .debug_macro   0x0000000000000f15       0x22 Core/Hardware/stm32f4xx_it.o
 .debug_macro   0x0000000000000f37       0x8e Core/Hardware/stm32f4xx_it.o
 .debug_macro   0x0000000000000fc5       0x51 Core/Hardware/stm32f4xx_it.o
 .debug_macro   0x0000000000001016       0xef Core/Hardware/stm32f4xx_it.o
 .debug_macro   0x0000000000001105       0x6a Core/Hardware/stm32f4xx_it.o
 .debug_macro   0x000000000000116f      0x1df Core/Hardware/stm32f4xx_it.o
 .debug_macro   0x000000000000134e       0x1c Core/Hardware/stm32f4xx_it.o
 .debug_macro   0x000000000000136a       0x22 Core/Hardware/stm32f4xx_it.o
 .debug_macro   0x000000000000138c       0xdf Core/Hardware/stm32f4xx_it.o
 .debug_macro   0x000000000000146b     0x102d Core/Hardware/stm32f4xx_it.o
 .debug_macro   0x0000000000002498      0x11f Core/Hardware/stm32f4xx_it.o
 .debug_macro   0x00000000000025b7    0x15e3c Core/Hardware/stm32f4xx_it.o
 .debug_macro   0x00000000000183f3       0x43 Core/Hardware/stm32f4xx_it.o
 .debug_macro   0x0000000000018436     0x3659 Core/Hardware/stm32f4xx_it.o
 .debug_macro   0x000000000001ba8f      0x17b Core/Hardware/stm32f4xx_it.o
 .debug_macro   0x000000000001bc0a       0x5a Core/Hardware/stm32f4xx_it.o
 .debug_macro   0x000000000001bc64      0x96b Core/Hardware/stm32f4xx_it.o
 .debug_macro   0x000000000001c5cf      0x9fe Core/Hardware/stm32f4xx_it.o
 .debug_macro   0x000000000001cfcd      0x174 Core/Hardware/stm32f4xx_it.o
 .debug_macro   0x000000000001d141      0x117 Core/Hardware/stm32f4xx_it.o
 .debug_macro   0x000000000001d258      0x13e Core/Hardware/stm32f4xx_it.o
 .debug_macro   0x000000000001d396       0x27 Core/Hardware/stm32f4xx_it.o
 .debug_macro   0x000000000001d3bd      0x287 Core/Hardware/stm32f4xx_it.o
 .debug_macro   0x000000000001d644       0x5f Core/Hardware/stm32f4xx_it.o
 .debug_macro   0x000000000001d6a3      0x236 Core/Hardware/stm32f4xx_it.o
 .debug_macro   0x000000000001d8d9      0x12c Core/Hardware/stm32f4xx_it.o
 .debug_macro   0x000000000001da05      0x21e Core/Hardware/stm32f4xx_it.o
 .debug_macro   0x000000000001dc23       0x2e Core/Hardware/stm32f4xx_it.o
 .debug_macro   0x000000000001dc51      0x11a Core/Hardware/stm32f4xx_it.o
 .debug_macro   0x000000000001dd6b       0x7e Core/Hardware/stm32f4xx_it.o
 .debug_macro   0x000000000001dde9       0x89 Core/Hardware/stm32f4xx_it.o
 .debug_macro   0x000000000001de72      0x287 Core/Hardware/stm32f4xx_it.o
 .debug_macro   0x000000000001e0f9      0x12d Core/Hardware/stm32f4xx_it.o
 .debug_macro   0x000000000001e226      0x1d1 Core/Src/Button.o
 .debug_macro   0x000000000001e3f7      0x1c9 Core/Src/LED.o
 .debug_macro   0x000000000001e5c0      0x1e4 Core/Src/Timer.o
 .debug_macro   0x000000000001e7a4      0x8a0 Core/Src/Timer.o
 .debug_macro   0x000000000001f044       0x47 Core/Src/Timer.o
 .debug_macro   0x000000000001f08b      0x1de Core/Src/UART.o
 .debug_macro   0x000000000001f269       0x78 Core/Src/UART.o
 .debug_macro   0x000000000001f2e1      0x1e0 Core/Src/hooks.o
 .debug_macro   0x000000000001f4c1      0x39e Core/Src/main.o
 .debug_macro   0x000000000001f85f      0x168 Core/Src/main.o
 .debug_macro   0x000000000001f9c7       0x10 Core/Src/main.o
 .debug_macro   0x000000000001f9d7      0x3f4 Core/Src/main.o
 .debug_macro   0x000000000001fdcb       0x46 Core/Src/main.o
 .debug_macro   0x000000000001fe11       0x18 Core/Src/main.o
 .debug_macro   0x000000000001fe29       0x3c Core/Src/main.o
 .debug_macro   0x000000000001fe65       0x34 Core/Src/main.o
 .debug_macro   0x000000000001fe99       0x16 Core/Src/main.o
 .debug_macro   0x000000000001feaf       0x35 Core/Src/main.o
 .debug_macro   0x000000000001fee4      0x34d Core/Src/main.o
 .debug_macro   0x0000000000020231       0x10 Core/Src/main.o
 .debug_macro   0x0000000000020241       0x52 Core/Src/main.o
 .debug_macro   0x0000000000020293       0x1f Core/Src/main.o
 .debug_macro   0x00000000000202b2       0x43 Core/Src/main.o
 .debug_macro   0x00000000000202f5       0x20 Core/Src/main.o
 .debug_macro   0x0000000000020315      0x1a3 Core/Src/main.o
 .debug_macro   0x00000000000204b8       0x10 Core/Src/main.o
 .debug_macro   0x00000000000204c8       0x1c Core/Src/main.o
 .debug_macro   0x00000000000204e4       0x52 Core/Src/main.o
 .debug_macro   0x0000000000020536       0x40 Core/Src/main.o
 .debug_macro   0x0000000000020576       0x10 Core/Src/main.o
 .debug_macro   0x0000000000020586       0x40 Core/Src/main.o
 .debug_macro   0x00000000000205c6       0xd7 Core/Src/main.o
 .debug_macro   0x000000000002069d       0x1c Core/Src/main.o
 .debug_macro   0x00000000000206b9       0x3d Core/Src/main.o
 .debug_macro   0x00000000000206f6       0x16 Core/Src/main.o
 .debug_macro   0x000000000002070c      0x137 Core/Src/main.o
 .debug_macro   0x0000000000020843      0x11d Core/Src/main.o
 .debug_macro   0x0000000000020960      0x1c0 Drivers/CMSIS/Device/ST/STM32F4xx/Source/system_stm32f4xx.o
 .debug_macro   0x0000000000020b20     0x102d Drivers/CMSIS/Device/ST/STM32F4xx/Source/system_stm32f4xx.o
 .debug_macro   0x0000000000021b4d      0x21a Drivers/STM32F4xx_HAL_Driver/Src/stm32f4xx_hal.o
 .debug_macro   0x0000000000021d67      0x1ba Drivers/STM32F4xx_HAL_Driver/Src/stm32f4xx_hal_cortex.o
 .debug_macro   0x0000000000021f21      0x1f0 Drivers/STM32F4xx_HAL_Driver/Src/stm32f4xx_hal_gpio.o
 .debug_macro   0x0000000000022111      0x1d2 Drivers/STM32F4xx_HAL_Driver/Src/stm32f4xx_hal_msp.o
 .debug_macro   0x00000000000222e3      0x1de Drivers/STM32F4xx_HAL_Driver/Src/stm32f4xx_hal_rcc.o
 .debug_macro   0x00000000000224c1      0x1bb Drivers/STM32F4xx_HAL_Driver/Src/stm32f4xx_hal_uart.o

.debug_line     0x0000000000000000     0x7839
 .debug_line    0x0000000000000000      0x735 Core/Hardware/stm32f4xx_it.o
 .debug_line    0x0000000000000735      0x6f2 Core/Src/Button.o
 .debug_line    0x0000000000000e27      0x73e Core/Src/LED.o
 .debug_line    0x0000000000001565      0x744 Core/Src/Timer.o
 .debug_line    0x0000000000001ca9      0x70d Core/Src/UART.o
 .debug_line    0x00000000000023b6      0x6b4 Core/Src/hooks.o
 .debug_line    0x0000000000002a6a      0xcbf Core/Src/main.o
 .debug_line    0x0000000000003729       0x85 Core/Startup/startup_stm32f407vgtx.o
 .debug_line    0x00000000000037ae      0x6bf Drivers/CMSIS/Device/ST/STM32F4xx/Source/system_stm32f4xx.o
 .debug_line    0x0000000000003e6d      0x889 Drivers/STM32F4xx_HAL_Driver/Src/stm32f4xx_hal.o
 .debug_line    0x00000000000046f6      0x9ad Drivers/STM32F4xx_HAL_Driver/Src/stm32f4xx_hal_cortex.o
 .debug_line    0x00000000000050a3      0x868 Drivers/STM32F4xx_HAL_Driver/Src/stm32f4xx_hal_gpio.o
 .debug_line    0x000000000000590b      0x6b6 Drivers/STM32F4xx_HAL_Driver/Src/stm32f4xx_hal_msp.o
 .debug_line    0x0000000000005fc1      0x8e1 Drivers/STM32F4xx_HAL_Driver/Src/stm32f4xx_hal_rcc.o
 .debug_line    0x00000000000068a2      0xf97 Drivers/STM32F4xx_HAL_Driver/Src/stm32f4xx_hal_uart.o

.debug_str      0x0000000000000000    0xca889
 .debug_str     0x0000000000000000    0xbc16d Core/Hardware/stm32f4xx_it.o
                                      0xbc44b (size before relaxing)
 .debug_str     0x00000000000bc16d      0x1d2 Core/Src/Button.o
                                      0xbc521 (size before relaxing)
 .debug_str     0x00000000000bc33f      0x20b Core/Src/LED.o
                                      0xbc033 (size before relaxing)
 .debug_str     0x00000000000bc54a     0x6a21 Core/Src/Timer.o
                                      0xc2dd2 (size before relaxing)
 .debug_str     0x00000000000c2f6b      0x774 Core/Src/UART.o
                                      0xbcdd1 (size before relaxing)
 .debug_str     0x00000000000c36df       0x37 Core/Src/hooks.o
                                      0xbc3d6 (size before relaxing)
 .debug_str     0x00000000000c3716     0x5bb5 Core/Src/main.o
                                      0xc95a4 (size before relaxing)
 .debug_str     0x00000000000c92cb       0x36 Core/Startup/startup_stm32f407vgtx.o
                                         0x5c (size before relaxing)
 .debug_str     0x00000000000c9301      0x2b0 Drivers/CMSIS/Device/ST/STM32F4xx/Source/system_stm32f4xx.o
                                      0xbb9c7 (size before relaxing)
 .debug_str     0x00000000000c95b1      0x587 Drivers/STM32F4xx_HAL_Driver/Src/stm32f4xx_hal.o
                                      0xbc474 (size before relaxing)
 .debug_str     0x00000000000c9b38      0x386 Drivers/STM32F4xx_HAL_Driver/Src/stm32f4xx_hal_cortex.o
                                      0xbc263 (size before relaxing)
 .debug_str     0x00000000000c9ebe      0x1e1 Drivers/STM32F4xx_HAL_Driver/Src/stm32f4xx_hal_gpio.o
                                      0xbbbe6 (size before relaxing)
 .debug_str     0x00000000000ca09f       0x3a Drivers/STM32F4xx_HAL_Driver/Src/stm32f4xx_hal_msp.o
                                      0xbc4ee (size before relaxing)
 .debug_str     0x00000000000ca0d9      0x269 Drivers/STM32F4xx_HAL_Driver/Src/stm32f4xx_hal_rcc.o
                                      0xbbd94 (size before relaxing)
 .debug_str     0x00000000000ca342      0x547 Drivers/STM32F4xx_HAL_Driver/Src/stm32f4xx_hal_uart.o
                                      0xbc1f3 (size before relaxing)

.comment        0x0000000000000000       0x7b
 .comment       0x0000000000000000       0x7b Core/Hardware/stm32f4xx_it.o
                                         0x7c (size before relaxing)
 .comment       0x000000000000007b       0x7c Core/Src/Button.o
 .comment       0x000000000000007b       0x7c Core/Src/LED.o
 .comment       0x000000000000007b       0x7c Core/Src/Timer.o
 .comment       0x000000000000007b       0x7c Core/Src/UART.o
 .comment       0x000000000000007b       0x7c Core/Src/hooks.o
 .comment       0x000000000000007b       0x7c Core/Src/main.o
 .comment       0x000000000000007b       0x7c Drivers/CMSIS/Device/ST/STM32F4xx/Source/system_stm32f4xx.o
 .comment       0x000000000000007b       0x7c Drivers/STM32F4xx_HAL_Driver/Src/stm32f4xx_hal.o
 .comment       0x000000000000007b       0x7c Drivers/STM32F4xx_HAL_Driver/Src/stm32f4xx_hal_cortex.o
 .comment       0x000000000000007b       0x7c Drivers/STM32F4xx_HAL_Driver/Src/stm32f4xx_hal_gpio.o
 .comment       0x000000000000007b       0x7c Drivers/STM32F4xx_HAL_Driver/Src/stm32f4xx_hal_msp.o
 .comment       0x000000000000007b       0x7c Drivers/STM32F4xx_HAL_Driver/Src/stm32f4xx_hal_rcc.o
 .comment       0x000000000000007b       0x7c Drivers/STM32F4xx_HAL_Driver/Src/stm32f4xx_hal_uart.o

.debug_frame    0x0000000000000000     0x1cc0
 .debug_frame   0x0000000000000000       0xf0 Core/Hardware/stm32f4xx_it.o
 .debug_frame   0x00000000000000f0      0x11c Core/Src/Button.o
 .debug_frame   0x000000000000020c      0x1b0 Core/Src/LED.o
 .debug_frame   0x00000000000003bc      0x120 Core/Src/Timer.o
 .debug_frame   0x00000000000004dc      0x118 Core/Src/UART.o
 .debug_frame   0x00000000000005f4       0x48 Core/Src/hooks.o
 .debug_frame   0x000000000000063c      0x1bc Core/Src/main.o
 .debug_frame   0x00000000000007f8       0x58 Drivers/CMSIS/Device/ST/STM32F4xx/Source/system_stm32f4xx.o
 .debug_frame   0x0000000000000850      0x374 Drivers/STM32F4xx_HAL_Driver/Src/stm32f4xx_hal.o
 .debug_frame   0x0000000000000bc4      0x498 Drivers/STM32F4xx_HAL_Driver/Src/stm32f4xx_hal_cortex.o
 .debug_frame   0x000000000000105c      0x14c Drivers/STM32F4xx_HAL_Driver/Src/stm32f4xx_hal_gpio.o
 .debug_frame   0x00000000000011a8       0x38 Drivers/STM32F4xx_HAL_Driver/Src/stm32f4xx_hal_msp.o
 .debug_frame   0x00000000000011e0      0x1f0 Drivers/STM32F4xx_HAL_Driver/Src/stm32f4xx_hal_rcc.o
 .debug_frame   0x00000000000013d0      0x844 Drivers/STM32F4xx_HAL_Driver/Src/stm32f4xx_hal_uart.o
 .debug_frame   0x0000000000001c14       0x2c c:/st/stm32cubeide_1.3.0/stm32cubeide/plugins/com.st.stm32cube.ide.mcu.externaltools.gnu-tools-for-stm32.7-2018-q2-update.win32_1.0.0.201904181610/tools/bin/../lib/gcc/arm-none-eabi/7.3.1/../../../../arm-none-eabi/lib/thumb/v7e-m/fpv4-sp/hard\libc_nano.a(lib_a-init.o)
 .debug_frame   0x0000000000001c40       0x20 c:/st/stm32cubeide_1.3.0/stm32cubeide/plugins/com.st.stm32cube.ide.mcu.externaltools.gnu-tools-for-stm32.7-2018-q2-update.win32_1.0.0.201904181610/tools/bin/../lib/gcc/arm-none-eabi/7.3.1/../../../../arm-none-eabi/lib/thumb/v7e-m/fpv4-sp/hard\libc_nano.a(lib_a-memset.o)
 .debug_frame   0x0000000000001c60       0x2c c:/st/stm32cubeide_1.3.0/stm32cubeide/plugins/com.st.stm32cube.ide.mcu.externaltools.gnu-tools-for-stm32.7-2018-q2-update.win32_1.0.0.201904181610/tools/bin/../lib/gcc/arm-none-eabi/7.3.1/thumb/v7e-m/fpv4-sp/hard\libgcc.a(_aeabi_uldivmod.o)
 .debug_frame   0x0000000000001c8c       0x34 c:/st/stm32cubeide_1.3.0/stm32cubeide/plugins/com.st.stm32cube.ide.mcu.externaltools.gnu-tools-for-stm32.7-2018-q2-update.win32_1.0.0.201904181610/tools/bin/../lib/gcc/arm-none-eabi/7.3.1/thumb/v7e-m/fpv4-sp/hard\libgcc.a(_udivmoddi4.o)
