main.cpp:31:6:void handleInfoButtonInterrupt(void*)	16	static
main.cpp:35:13:void sysTickHookMain()	8	static
main.cpp:52:6:void LedsCycle(LED*)	24	static
main.cpp:67:6:void switchMode()	4	static
main.cpp:76:6:void pressedListener(void*)	16	static
main.cpp:81:6:void LedsModes()	72	static
main.cpp:114:5:int main()	8	static
main.cpp:158:6:void SystemClock_Config()	88	static
main.cpp:189:6:void Error_Handler()	4	static
main.cpp:195:7:void assert_failed(uint8_t*, uint32_t)	16	static
main.cpp:195:52:void __static_initialization_and_destruction_0(int, int)	16	static
main.cpp:195:52:cpp)	8	static
main.cpp:195:52:cpp)	8	static
